--------------------------------------------------------------------------------
Release 14.7 Trace  (nt64)
Copyright (c) 1995-2013 Xilinx, Inc.  All rights reserved.

N:\14.7\ISE_DS\ISE\bin\nt64\unwrapped\trce.exe -intstyle ise -v 3 -s 3 -n 3
-fastpaths -xml Tb.twx Tb.ncd -o Tb.twr Tb.pcf

Design file:              Tb.ncd
Physical constraint file: Tb.pcf
Device,package,speed:     xc7a100t,csg324,C,-3 (PRODUCTION 1.10 2013-10-13)
Report level:             verbose report

Environment Variable      Effect 
--------------------      ------ 
NONE                      No environment variables were set
--------------------------------------------------------------------------------

INFO:Timing:2698 - No timing constraints found, doing default enumeration.
INFO:Timing:3412 - To improve timing, see the Timing Closure User Guide (UG612).
INFO:Timing:2752 - To get complete path coverage, use the unconstrained paths 
   option. All paths that are not constrained will be reported in the 
   unconstrained paths section(s) of the report.
INFO:Timing:3339 - The clock-to-out numbers in this timing report are based on 
   a 50 Ohm transmission line loading model.  For the details of this model, 
   and for more information on accounting for different loading conditions, 
   please see the device datasheet.



Data Sheet report:
-----------------
All values displayed in nanoseconds (ns)

Pad to Pad
---------------+---------------+---------+
Source Pad     |Destination Pad|  Delay  |
---------------+---------------+---------+
A<0>           |Y<0>           |    5.341|
A<0>           |Y<1>           |    5.292|
A<0>           |Y<2>           |    5.657|
A<0>           |Y<3>           |    6.449|
A<0>           |Y<4>           |    6.896|
A<0>           |Y<5>           |    7.297|
A<0>           |Y<6>           |    7.135|
A<1>           |Y<1>           |    5.416|
A<1>           |Y<2>           |    5.620|
A<1>           |Y<3>           |    6.457|
A<1>           |Y<4>           |    7.020|
A<1>           |Y<5>           |    7.421|
A<1>           |Y<6>           |    7.259|
A<2>           |Y<2>           |    5.359|
A<2>           |Y<3>           |    6.499|
A<2>           |Y<4>           |    6.927|
A<2>           |Y<5>           |    7.328|
A<2>           |Y<6>           |    7.166|
A<3>           |Y<3>           |    6.284|
A<3>           |Y<4>           |    6.847|
A<3>           |Y<5>           |    7.248|
A<3>           |Y<6>           |    7.086|
B<0>           |Y<0>           |    5.522|
B<0>           |Y<1>           |    5.466|
B<0>           |Y<2>           |    5.206|
B<0>           |Y<3>           |    6.507|
B<0>           |Y<4>           |    7.070|
B<0>           |Y<5>           |    7.471|
B<0>           |Y<6>           |    7.309|
B<1>           |Y<1>           |    5.605|
B<1>           |Y<2>           |    5.486|
B<1>           |Y<3>           |    6.646|
B<1>           |Y<4>           |    7.209|
B<1>           |Y<5>           |    7.610|
B<1>           |Y<6>           |    7.448|
B<2>           |Y<2>           |    5.444|
B<2>           |Y<3>           |    5.540|
B<2>           |Y<4>           |    6.274|
B<2>           |Y<5>           |    6.828|
B<2>           |Y<6>           |    6.666|
---------------+---------------+---------+


Analysis completed Fri May 09 00:18:27 2025 
--------------------------------------------------------------------------------

Trace Settings:
-------------------------
Trace Settings 

Peak Memory Usage: 4998 MB



